[INFO] Scanning for projects...
[INFO] ------------------------------------------------------------------------
[INFO] Reactor Build Order:
[INFO] 
[INFO] Vectis Parent                                                      [pom]
[INFO] Vectis Core                                                        [jar]
[INFO] Vectis AutoConfigure                                               [jar]
[INFO] Vectis Spring Boot Starter                                         [jar]
[INFO] Vectis Sample Test App                                             [jar]
[INFO] 
[INFO] -----------------< io.github.yavonalabs:vectis-parent >-----------------
[INFO] Building Vectis Parent 0.1.0-SNAPSHOT                              [1/5]
[INFO]   from pom.xml
[INFO] --------------------------------[ pom ]---------------------------------
[INFO] 
[INFO] ------------------< io.github.yavonalabs:vectis-core >------------------
[INFO] Building Vectis Core 0.1.0-SNAPSHOT                                [2/5]
[INFO]   from vectis-core\pom.xml
[INFO] --------------------------------[ jar ]---------------------------------
[INFO] 
[INFO] --- resources:3.4.0:resources (default-resources) @ vectis-core ---
[INFO] Copying 11 resources from src\main\resources to target\classes
[INFO] 
[INFO] --- compiler:3.13.0:compile (default-compile) @ vectis-core ---
[INFO] Nothing to compile - all classes are up to date.
[INFO] 
[INFO] --- resources:3.4.0:testResources (default-testResources) @ vectis-core ---
[INFO] skip non existing resourceDirectory D:\EntityAdmin\vectis-core\src\test\resources
[INFO] 
[INFO] --- compiler:3.13.0:testCompile (default-testCompile) @ vectis-core ---
[INFO] Nothing to compile - all classes are up to date.
[INFO] 
[INFO] --- surefire:3.5.4:test (default-test) @ vectis-core ---
[INFO] Tests are skipped.
[INFO] 
[INFO] --- jar:3.5.0:jar (default-jar) @ vectis-core ---
[INFO] Building jar: D:\EntityAdmin\vectis-core\target\vectis-core-0.1.0-SNAPSHOT.jar
[INFO] 
[INFO] -------------< io.github.yavonalabs:vectis-autoconfigure >--------------
[INFO] Building Vectis AutoConfigure 0.1.0-SNAPSHOT                       [3/5]
[INFO]   from vectis-autoconfigure\pom.xml
[INFO] --------------------------------[ jar ]---------------------------------
[INFO] 
[INFO] --- resources:3.4.0:resources (default-resources) @ vectis-autoconfigure ---
[INFO] Copying 1 resource from src\main\resources to target\classes
[INFO] 
[INFO] --- compiler:3.13.0:compile (default-compile) @ vectis-autoconfigure ---
[INFO] Recompiling the module because of changed dependency.
[INFO] Compiling 2 source files with javac [debug parameters target 17] to target\classes
[INFO] 
[INFO] --- resources:3.4.0:testResources (default-testResources) @ vectis-autoconfigure ---
[INFO] skip non existing resourceDirectory D:\EntityAdmin\vectis-autoconfigure\src\test\resources
[INFO] 
[INFO] --- compiler:3.13.0:testCompile (default-testCompile) @ vectis-autoconfigure ---
[INFO] No sources to compile
[INFO] 
[INFO] --- surefire:3.5.4:test (default-test) @ vectis-autoconfigure ---
[INFO] Tests are skipped.
[INFO] 
[INFO] --- jar:3.5.0:jar (default-jar) @ vectis-autoconfigure ---
[INFO] Building jar: D:\EntityAdmin\vectis-autoconfigure\target\vectis-autoconfigure-0.1.0-SNAPSHOT.jar
[INFO] 
[INFO] ----------< io.github.yavonalabs:vectis-spring-boot-starter >-----------
[INFO] Building Vectis Spring Boot Starter 0.1.0-SNAPSHOT                 [4/5]
[INFO]   from vectis-spring-boot-starter\pom.xml
[INFO] --------------------------------[ jar ]---------------------------------
[INFO] 
[INFO] --- resources:3.4.0:resources (default-resources) @ vectis-spring-boot-starter ---
[INFO] skip non existing resourceDirectory D:\EntityAdmin\vectis-spring-boot-starter\src\main\resources
[INFO] 
[INFO] --- compiler:3.13.0:compile (default-compile) @ vectis-spring-boot-starter ---
[INFO] No sources to compile
[INFO] 
[INFO] --- resources:3.4.0:testResources (default-testResources) @ vectis-spring-boot-starter ---
[INFO] skip non existing resourceDirectory D:\EntityAdmin\vectis-spring-boot-starter\src\test\resources
[INFO] 
[INFO] --- compiler:3.13.0:testCompile (default-testCompile) @ vectis-spring-boot-starter ---
[INFO] No sources to compile
[INFO] 
[INFO] --- surefire:3.5.4:test (default-test) @ vectis-spring-boot-starter ---
[INFO] Tests are skipped.
[INFO] 
[INFO] --- jar:3.5.0:jar (default-jar) @ vectis-spring-boot-starter ---
[WARNING] JAR will be empty - no content was marked for inclusion!
[INFO] Building jar: D:\EntityAdmin\vectis-spring-boot-starter\target\vectis-spring-boot-starter-0.1.0-SNAPSHOT.jar
[INFO] 
[INFO] ---------------< io.github.yavonalabs:vectis-sample-app >---------------
[INFO] Building Vectis Sample Test App 0.1.0-SNAPSHOT                     [5/5]
[INFO]   from vectis-sample-app\pom.xml
[INFO] --------------------------------[ jar ]---------------------------------
[INFO] 
[INFO] --- resources:3.4.0:resources (default-resources) @ vectis-sample-app ---
[INFO] Copying 2 resources from src\main\resources to target\classes
[INFO] 
[INFO] --- compiler:3.13.0:compile (default-compile) @ vectis-sample-app ---
[INFO] Recompiling the module because of changed dependency.
[INFO] Compiling 8 source files with javac [debug parameters target 17] to target\classes
[INFO] /D:/EntityAdmin/vectis-sample-app/src/main/java/com/example/demo/SecurityConfig.java: D:\EntityAdmin\vectis-sample-app\src\main\java\com\example\demo\SecurityConfig.java uses or overrides a deprecated API.
[INFO] /D:/EntityAdmin/vectis-sample-app/src/main/java/com/example/demo/SecurityConfig.java: Recompile with -Xlint:deprecation for details.
[INFO] 
[INFO] --- resources:3.4.0:testResources (default-testResources) @ vectis-sample-app ---
[INFO] skip non existing resourceDirectory D:\EntityAdmin\vectis-sample-app\src\test\resources
[INFO] 
[INFO] --- compiler:3.13.0:testCompile (default-testCompile) @ vectis-sample-app ---
[INFO] Recompiling the module because of changed dependency.
[INFO] Compiling 4 source files with javac [debug parameters target 17] to target\test-classes
[INFO] 
[INFO] --- surefire:3.5.4:test (default-test) @ vectis-sample-app ---
[INFO] Tests are skipped.
[INFO] 
[INFO] --- jar:3.5.0:jar (default-jar) @ vectis-sample-app ---
[INFO] Building jar: D:\EntityAdmin\vectis-sample-app\target\vectis-sample-app-0.1.0-SNAPSHOT.jar
[INFO] 
[INFO] --- spring-boot:3.3.3:repackage (default) @ vectis-sample-app ---
[INFO] Replacing main artifact D:\EntityAdmin\vectis-sample-app\target\vectis-sample-app-0.1.0-SNAPSHOT.jar with repackaged archive, adding nested dependencies in BOOT-INF/.
[INFO] The original artifact has been renamed to D:\EntityAdmin\vectis-sample-app\target\vectis-sample-app-0.1.0-SNAPSHOT.jar.original
[INFO] ------------------------------------------------------------------------
[INFO] Reactor Summary for Vectis Parent 0.1.0-SNAPSHOT:
[INFO] 
[INFO] Vectis Parent ...................................... SUCCESS [  0.002 s]
[INFO] Vectis Core ........................................ SUCCESS [  7.425 s]
[INFO] Vectis AutoConfigure ............................... SUCCESS [  4.375 s]
[INFO] Vectis Spring Boot Starter ......................... SUCCESS [  0.436 s]
[INFO] Vectis Sample Test App ............................. SUCCESS [ 11.320 s]
[INFO] ------------------------------------------------------------------------
[INFO] BUILD SUCCESS
[INFO] ------------------------------------------------------------------------
[INFO] Total time:  25.054 s
[INFO] Finished at: 2026-09-14T14:11:36+05:30
[INFO] ------------------------------------------------------------------------
